============================= test session starts =============================
platform win32 -- Python 3.12.10, pytest-8.0.0, pluggy-1.6.0
rootdir: C:\Users\Admin\Documents\vscode\LangChain_backend
plugins: anyio-4.12.0, Faker-40.1.0, langsmith-0.7.4, asyncio-0.23.5, html-4.1.1, metadata-3.1.1
asyncio: mode=Mode.STRICT
collected 9 items / 1 error

=================================== ERRORS ====================================
________________________ ERROR collecting test_sio.py _________________________
ImportError while importing test module 'C:\Users\Admin\Documents\vscode\LangChain_backend\test_sio.py'.
Hint: make sure your test modules/packages have valid Python names.
Traceback:
..\..\..\AppData\Local\Programs\Python\Python312\Lib\importlib\__init__.py:90: in import_module
    return _bootstrap._gcd_import(name[level:], package, level)
test_sio.py:4: in <module>
    from asgiref.testing import ApplicationCommunicator
E   ModuleNotFoundError: No module named 'asgiref'
------------------------------- Captured stderr -------------------------------
\u26a0\ufe0f Tavily API key bulunamad\u0131\n\u26a0\ufe0f SerpApi API key bulunamad\u0131 (SERPAPI_API_KEY)\nServer initialized for asgi.
============================== warnings summary ===============================
app\schemas\user.py:34
  C:\Users\Admin\Documents\vscode\LangChain_backend\app\schemas\user.py:34: PydanticDeprecatedSince20: Support for class-based `config` is deprecated, use ConfigDict instead. Deprecated in Pydantic V2.0 to be removed in V3.0. See Pydantic V2 Migration Guide at https://errors.pydantic.dev/2.12/migration/
    class UserOut(UserBase):

app\schemas\ai.py:33
  C:\Users\Admin\Documents\vscode\LangChain_backend\app\schemas\ai.py:33: PydanticDeprecatedSince20: Support for class-based `config` is deprecated, use ConfigDict instead. Deprecated in Pydantic V2.0 to be removed in V3.0. See Pydantic V2 Migration Guide at https://errors.pydantic.dev/2.12/migration/
    class ConversationOut(BaseModel):

app\schemas\ai.py:59
  C:\Users\Admin\Documents\vscode\LangChain_backend\app\schemas\ai.py:59: PydanticDeprecatedSince20: Support for class-based `config` is deprecated, use ConfigDict instead. Deprecated in Pydantic V2.0 to be removed in V3.0. See Pydantic V2 Migration Guide at https://errors.pydantic.dev/2.12/migration/
    class MessageOut(BaseModel):

app\schemas\scraper.py:13
  C:\Users\Admin\Documents\vscode\LangChain_backend\app\schemas\scraper.py:13: PydanticDeprecatedSince20: Support for class-based `config` is deprecated, use ConfigDict instead. Deprecated in Pydantic V2.0 to be removed in V3.0. See Pydantic V2 Migration Guide at https://errors.pydantic.dev/2.12/migration/
    class ScrapedProduct(BaseModel):

app\routers\products.py:28
  C:\Users\Admin\Documents\vscode\LangChain_backend\app\routers\products.py:28: PydanticDeprecatedSince20: Support for class-based `config` is deprecated, use ConfigDict instead. Deprecated in Pydantic V2.0 to be removed in V3.0. See Pydantic V2 Migration Guide at https://errors.pydantic.dev/2.12/migration/
    class ProductOut(BaseModel):

-- Docs: https://docs.pytest.org/en/stable/how-to/capture-warnings.html
=========================== short test summary info ===========================
ERROR test_sio.py
!!!!!!!!!!!!!!!!!!! Interrupted: 1 error during collection !!!!!!!!!!!!!!!!!!!!
======================== 5 warnings, 1 error in 0.24s =========================
